Archive member included to satisfy reference by file (symbol)

c:/ac6/systemworkbench/plugins/fr.ac6.mcu.externaltools.arm-none.win32_1.17.0.201812190825/tools/compiler/bin/../lib/gcc/arm-none-eabi/7.3.1/thumb/v7e-m/fpv4-sp/hard\libgcc.a(_arm_addsubdf3.o)
                              Src/ws2812b_fx.o (__aeabi_i2d)
c:/ac6/systemworkbench/plugins/fr.ac6.mcu.externaltools.arm-none.win32_1.17.0.201812190825/tools/compiler/bin/../lib/gcc/arm-none-eabi/7.3.1/thumb/v7e-m/fpv4-sp/hard\libgcc.a(_arm_cmpdf2.o)
                              Src/ws2812b_fx.o (__aeabi_dcmplt)
c:/ac6/systemworkbench/plugins/fr.ac6.mcu.externaltools.arm-none.win32_1.17.0.201812190825/tools/compiler/bin/../lib/gcc/arm-none-eabi/7.3.1/thumb/v7e-m/fpv4-sp/hard\libgcc.a(_aeabi_uldivmod.o)
                              Drivers/STM32F4xx_HAL_Driver/Src/stm32f4xx_hal_rcc.o (__aeabi_uldivmod)
c:/ac6/systemworkbench/plugins/fr.ac6.mcu.externaltools.arm-none.win32_1.17.0.201812190825/tools/compiler/bin/../lib/gcc/arm-none-eabi/7.3.1/thumb/v7e-m/fpv4-sp/hard\libgcc.a(_udivmoddi4.o)
                              c:/ac6/systemworkbench/plugins/fr.ac6.mcu.externaltools.arm-none.win32_1.17.0.201812190825/tools/compiler/bin/../lib/gcc/arm-none-eabi/7.3.1/thumb/v7e-m/fpv4-sp/hard\libgcc.a(_aeabi_uldivmod.o) (__udivmoddi4)
c:/ac6/systemworkbench/plugins/fr.ac6.mcu.externaltools.arm-none.win32_1.17.0.201812190825/tools/compiler/bin/../lib/gcc/arm-none-eabi/7.3.1/thumb/v7e-m/fpv4-sp/hard\libgcc.a(_dvmd_tls.o)
                              c:/ac6/systemworkbench/plugins/fr.ac6.mcu.externaltools.arm-none.win32_1.17.0.201812190825/tools/compiler/bin/../lib/gcc/arm-none-eabi/7.3.1/thumb/v7e-m/fpv4-sp/hard\libgcc.a(_aeabi_uldivmod.o) (__aeabi_ldiv0)
c:/ac6/systemworkbench/plugins/fr.ac6.mcu.externaltools.arm-none.win32_1.17.0.201812190825/tools/compiler/bin/../lib/gcc/arm-none-eabi/7.3.1/../../../../arm-none-eabi/lib/thumb/v7e-m/fpv4-sp/hard\libc_nano.a(lib_a-calloc.o)
                              Src/ws2812b_fx.o (calloc)
c:/ac6/systemworkbench/plugins/fr.ac6.mcu.externaltools.arm-none.win32_1.17.0.201812190825/tools/compiler/bin/../lib/gcc/arm-none-eabi/7.3.1/../../../../arm-none-eabi/lib/thumb/v7e-m/fpv4-sp/hard\libc_nano.a(lib_a-exit.o)
                              c:/ac6/systemworkbench/plugins/fr.ac6.mcu.externaltools.arm-none.win32_1.17.0.201812190825/tools/compiler/bin/../lib/gcc/arm-none-eabi/7.3.1/../../../../arm-none-eabi/lib/thumb/v7e-m/fpv4-sp/hard/crt0.o (exit)
c:/ac6/systemworkbench/plugins/fr.ac6.mcu.externaltools.arm-none.win32_1.17.0.201812190825/tools/compiler/bin/../lib/gcc/arm-none-eabi/7.3.1/../../../../arm-none-eabi/lib/thumb/v7e-m/fpv4-sp/hard\libc_nano.a(lib_a-impure.o)
                              c:/ac6/systemworkbench/plugins/fr.ac6.mcu.externaltools.arm-none.win32_1.17.0.201812190825/tools/compiler/bin/../lib/gcc/arm-none-eabi/7.3.1/../../../../arm-none-eabi/lib/thumb/v7e-m/fpv4-sp/hard\libc_nano.a(lib_a-exit.o) (_global_impure_ptr)
c:/ac6/systemworkbench/plugins/fr.ac6.mcu.externaltools.arm-none.win32_1.17.0.201812190825/tools/compiler/bin/../lib/gcc/arm-none-eabi/7.3.1/../../../../arm-none-eabi/lib/thumb/v7e-m/fpv4-sp/hard\libc_nano.a(lib_a-init.o)
                              c:/ac6/systemworkbench/plugins/fr.ac6.mcu.externaltools.arm-none.win32_1.17.0.201812190825/tools/compiler/bin/../lib/gcc/arm-none-eabi/7.3.1/../../../../arm-none-eabi/lib/thumb/v7e-m/fpv4-sp/hard/crt0.o (__libc_init_array)
c:/ac6/systemworkbench/plugins/fr.ac6.mcu.externaltools.arm-none.win32_1.17.0.201812190825/tools/compiler/bin/../lib/gcc/arm-none-eabi/7.3.1/../../../../arm-none-eabi/lib/thumb/v7e-m/fpv4-sp/hard\libc_nano.a(lib_a-malloc.o)
                              Src/ws2812b_fx.o (free)
c:/ac6/systemworkbench/plugins/fr.ac6.mcu.externaltools.arm-none.win32_1.17.0.201812190825/tools/compiler/bin/../lib/gcc/arm-none-eabi/7.3.1/../../../../arm-none-eabi/lib/thumb/v7e-m/fpv4-sp/hard\libc_nano.a(lib_a-memset.o)
                              c:/ac6/systemworkbench/plugins/fr.ac6.mcu.externaltools.arm-none.win32_1.17.0.201812190825/tools/compiler/bin/../lib/gcc/arm-none-eabi/7.3.1/../../../../arm-none-eabi/lib/thumb/v7e-m/fpv4-sp/hard/crt0.o (memset)
c:/ac6/systemworkbench/plugins/fr.ac6.mcu.externaltools.arm-none.win32_1.17.0.201812190825/tools/compiler/bin/../lib/gcc/arm-none-eabi/7.3.1/../../../../arm-none-eabi/lib/thumb/v7e-m/fpv4-sp/hard\libc_nano.a(lib_a-nano-callocr.o)
                              c:/ac6/systemworkbench/plugins/fr.ac6.mcu.externaltools.arm-none.win32_1.17.0.201812190825/tools/compiler/bin/../lib/gcc/arm-none-eabi/7.3.1/../../../../arm-none-eabi/lib/thumb/v7e-m/fpv4-sp/hard\libc_nano.a(lib_a-calloc.o) (_calloc_r)
c:/ac6/systemworkbench/plugins/fr.ac6.mcu.externaltools.arm-none.win32_1.17.0.201812190825/tools/compiler/bin/../lib/gcc/arm-none-eabi/7.3.1/../../../../arm-none-eabi/lib/thumb/v7e-m/fpv4-sp/hard\libc_nano.a(lib_a-nano-freer.o)
[...]
Memory Configuration

Name             Origin             Length             Attributes
RAM              0x20000000         0x00020000         xrw
CCMRAM           0x10000000         0x00010000         rw
FLASH            0x08000000         0x00100000         xr
*default*        0x00000000         0xffffffff

Linker script and memory map

LOAD c:/ac6/systemworkbench/plugins/fr.ac6.mcu.externaltools.arm-none.win32_1.17.0.201812190825/tools/compiler/bin/../lib/gcc/arm-none-eabi/7.3.1/thumb/v7e-m/fpv4-sp/hard/crti.o
LOAD c:/ac6/systemworkbench/plugins/fr.ac6.mcu.externaltools.arm-none.win32_1.17.0.201812190825/tools/compiler/bin/../lib/gcc/arm-none-eabi/7.3.1/thumb/v7e-m/fpv4-sp/hard/crtbegin.o
LOAD c:/ac6/systemworkbench/plugins/fr.ac6.mcu.externaltools.arm-none.win32_1.17.0.201812190825/tools/compiler/bin/../lib/gcc/arm-none-eabi/7.3.1/../../../../arm-none-eabi/lib/thumb/v7e-m/fpv4-sp/hard/crt0.o
LOAD Drivers/STM32F4xx_HAL_Driver/Src/stm32f4xx_hal.o
LOAD Drivers/STM32F4xx_HAL_Driver/Src/stm32f4xx_hal_cortex.o
LOAD Drivers/STM32F4xx_HAL_Driver/Src/stm32f4xx_hal_dma.o
LOAD Drivers/STM32F4xx_HAL_Driver/Src/stm32f4xx_hal_dma_ex.o
LOAD Drivers/STM32F4xx_HAL_Driver/Src/stm32f4xx_hal_flash.o
LOAD Drivers/STM32F4xx_HAL_Driver/Src/stm32f4xx_hal_flash_ex.o
LOAD Drivers/STM32F4xx_HAL_Driver/Src/stm32f4xx_hal_flash_ramfunc.o
LOAD Drivers/STM32F4xx_HAL_Driver/Src/stm32f4xx_hal_gpio.o
LOAD Drivers/STM32F4xx_HAL_Driver/Src/stm32f4xx_hal_pwr.o
LOAD Drivers/STM32F4xx_HAL_Driver/Src/stm32f4xx_hal_pwr_ex.o
LOAD Drivers/STM32F4xx_HAL_Driver/Src/stm32f4xx_hal_rcc.o
LOAD Drivers/STM32F4xx_HAL_Driver/Src/stm32f4xx_hal_rcc_ex.o
LOAD Drivers/STM32F4xx_HAL_Driver/Src/stm32f4xx_hal_spi.o
LOAD Drivers/STM32F4xx_HAL_Driver/Src/stm32f4xx_hal_tim.o
LOAD Drivers/STM32F4xx_HAL_Driver/Src/stm32f4xx_hal_tim_ex.o
LOAD Src/main.o
LOAD Src/msd_effect.o
LOAD Src/stm32f4xx_hal_msp.o
LOAD Src/stm32f4xx_it.o
LOAD Src/system_stm32f4xx.o
LOAD Src/ws2812b.o
LOAD Src/ws2812b_fx.o
LOAD startup/startup_stm32f407xx.o
LOAD c:/ac6/systemworkbench/plugins/fr.ac6.mcu.externaltools.arm-none.win32_1.17.0.201812190825/tools/compiler/bin/../lib/gcc/arm-none-eabi/7.3.1/../../../../arm-none-eabi/lib/thumb/v7e-m/fpv4-sp/hard\libm.a
START GROUP
LOAD c:/ac6/systemworkbench/plugins/fr.ac6.mcu.externaltools.arm-none.win32_1.17.0.201812190825/tools/compiler/bin/../lib/gcc/arm-none-eabi/7.3.1/thumb/v7e-m/fpv4-sp/hard\libgcc.a
LOAD c:/ac6/systemworkbench/plugins/fr.ac6.mcu.externaltools.arm-none.win32_1.17.0.201812190825/tools/compiler/bin/../lib/gcc/arm-none-eabi/7.3.1/../../../../arm-none-eabi/lib/thumb/v7e-m/fpv4-sp/hard\libc_nano.a
END GROUP
START GROUP
LOAD c:/ac6/systemworkbench/plugins/fr.ac6.mcu.externaltools.arm-none.win32_1.17.0.201812190825/tools/compiler/bin/../lib/gcc/arm-none-eabi/7.3.1/thumb/v7e-m/fpv4-sp/hard\libgcc.a
LOAD c:/ac6/systemworkbench/plugins/fr.ac6.mcu.externaltools.arm-none.win32_1.17.0.201812190825/tools/compiler/bin/../lib/gcc/arm-none-eabi/7.3.1/../../../../arm-none-eabi/lib/thumb/v7e-m/fpv4-sp/hard\libc_nano.a
LOAD c:/ac6/systemworkbench/plugins/fr.ac6.mcu.externaltools.arm-none.win32_1.17.0.201812190825/tools/compiler/bin/../lib/gcc/arm-none-eabi/7.3.1/../../../../arm-none-eabi/lib/thumb/v7e-m/fpv4-sp/hard\libnosys.a
END GROUP
START GROUP
LOAD c:/ac6/systemworkbench/plugins/fr.ac6.mcu.externaltools.arm-none.win32_1.17.0.201812190825/tools/compiler/bin/../lib/gcc/arm-none-eabi/7.3.1/thumb/v7e-m/fpv4-sp/hard\libgcc.a
LOAD c:/ac6/systemworkbench/plugins/fr.ac6.mcu.externaltools.arm-none.win32_1.17.0.201812190825/tools/compiler/bin/../lib/gcc/arm-none-eabi/7.3.1/../../../../arm-none-eabi/lib/thumb/v7e-m/fpv4-sp/hard\libc_nano.a
LOAD c:/ac6/systemworkbench/plugins/fr.ac6.mcu.externaltools.arm-none.win32_1.17.0.201812190825/tools/compiler/bin/../lib/gcc/arm-none-eabi/7.3.1/../../../../arm-none-eabi/lib/thumb/v7e-m/fpv4-sp/hard\libnosys.a
END GROUP
LOAD c:/ac6/systemworkbench/plugins/fr.ac6.mcu.externaltools.arm-none.win32_1.17.0.201812190825/tools/compiler/bin/../lib/gcc/arm-none-eabi/7.3.1/thumb/v7e-m/fpv4-sp/hard/crtend.o
LOAD c:/ac6/systemworkbench/plugins/fr.ac6.mcu.externaltools.arm-none.win32_1.17.0.201812190825/tools/compiler/bin/../lib/gcc/arm-none-eabi/7.3.1/thumb/v7e-m/fpv4-sp/hard/crtn.o
                0x20020000                _estack = 0x20020000
                0x00000200                _Min_Heap_Size = 0x200
                0x00000400                _Min_Stack_Size = 0x400

.isr_vector     0x08000000      0x188
                0x08000000                . = ALIGN (0x4)
 *(.isr_vector)
 .isr_vector    0x08000000      0x188 startup/startup_stm32f407xx.o
                0x08000000                g_pfnVectors
                0x08000188                . = ALIGN (0x4)

.text           0x08000188     0x4838
                0x08000188                . = ALIGN (0x4)
 *(.text)
 .text          0x08000188       0x40 c:/ac6/systemworkbench/plugins/fr.ac6.mcu.externaltools.arm-none.win32_1.17.0.201812190825/tools/compiler/bin/../lib/gcc/arm-none-eabi/7.3.1/thumb/v7e-m/fpv4-sp/hard/crtbegin.o
 .text          0x080001c8      0x378 c:/ac6/systemworkbench/plugins/fr.ac6.mcu.externaltools.arm-none.win32_1.17.0.201812190825/tools/compiler/bin/../lib/gcc/arm-none-eabi/7.3.1/thumb/v7e-m/fpv4-sp/hard\libgcc.a(_arm_addsubdf3.o)
                0x080001c8                __aeabi_drsub
                0x080001d0                __aeabi_dsub
                0x080001d0                __subdf3
                0x080001d4                __aeabi_dadd
                0x080001d4                __adddf3
                0x0800044c                __floatunsidf
                0x0800044c                __aeabi_ui2d
                0x0800046c                __floatsidf
                0x0800046c                __aeabi_i2d
                0x08000490                __aeabi_f2d
                0x08000490                __extendsfdf2
                0x080004d4                __floatundidf
                0x080004d4                __aeabi_ul2d
                0x080004e4                __floatdidf
                0x080004e4                __aeabi_l2d
 .text          0x08000540      0x110 c:/ac6/systemworkbench/plugins/fr.ac6.mcu.externaltools.arm-none.win32_1.17.0.201812190825/tools/compiler/bin/../lib/gcc/arm-none-eabi/7.3.1/thumb/v7e-m/fpv4-sp/hard\libgcc.a(_arm_cmpdf2.o)
                0x08000540                __gtdf2
                0x08000540                __gedf2
                0x08000548                __ltdf2
                0x08000548                __ledf2
                0x08000550                __nedf2
                0x08000550                __eqdf2
                0x08000550                __cmpdf2
                0x080005cc                __aeabi_cdrcmple
                0x080005dc                __aeabi_cdcmpeq
                0x080005dc                __aeabi_cdcmple
                0x080005ec                __aeabi_dcmpeq
                0x08000600                __aeabi_dcmplt
                0x08000614                __aeabi_dcmple
                0x08000628                __aeabi_dcmpge
                0x0800063c                __aeabi_dcmpgt
 .text          0x08000650       0x30 c:/ac6/systemworkbench/plugins/fr.ac6.mcu.externaltools.arm-none.win32_1.17.0.201812190825/tools/compiler/bin/../lib/gcc/arm-none-eabi/7.3.1/thumb/v7e-m/fpv4-sp/hard\libgcc.a(_aeabi_uldivmod.o)
                0x08000650                __aeabi_uldivmod
 .text          0x08000680      0x2cc c:/ac6/systemworkbench/plugins/fr.ac6.mcu.externaltools.arm-none.win32_1.17.0.201812190825/tools/compiler/bin/../lib/gcc/arm-none-eabi/7.3.1/thumb/v7e-m/fpv4-sp/hard\libgcc.a(_udivmoddi4.o)
                0x08000680                __udivmoddi4
 .text          0x0800094c        0x4 c:/ac6/systemworkbench/plugins/fr.ac6.mcu.externaltools.arm-none.win32_1.17.0.201812190825/tools/compiler/bin/../lib/gcc/arm-none-eabi/7.3.1/thumb/v7e-m/fpv4-sp/hard\libgcc.a(_dvmd_tls.o)
                0x0800094c                __aeabi_idiv0
                0x0800094c                __aeabi_ldiv0
 *(.text*)
 .text.HAL_InitTick
                0x08000950       0x48 Drivers/STM32F4xx_HAL_Driver/Src/stm32f4xx_hal.o
                0x08000950                HAL_InitTick
 .text.HAL_Init
                0x08000998       0x34 Drivers/STM32F4xx_HAL_Driver/Src/stm32f4xx_hal.o
                0x08000998                HAL_Init
 .text.HAL_IncTick
                0x080009cc       0x18 Drivers/STM32F4xx_HAL_Driver/Src/stm32f4xx_hal.o
                0x080009cc                HAL_IncTick
 .text.HAL_GetTick
                0x080009e4        0xc Drivers/STM32F4xx_HAL_Driver/Src/stm32f4xx_hal.o
                0x080009e4                HAL_GetTick
 .text.HAL_Delay
                0x080009f0       0x28 Drivers/STM32F4xx_HAL_Driver/Src/stm32f4xx_hal.o
                0x080009f0                HAL_Delay
 .text.HAL_NVIC_SetPriorityGrouping
                0x08000a18       0x24 Drivers/STM32F4xx_HAL_Driver/Src/stm32f4xx_hal_cortex.o
                0x08000a18                HAL_NVIC_SetPriorityGrouping
 .text.HAL_NVIC_SetPriority
                0x08000a3c       0x68 Drivers/STM32F4xx_HAL_Driver/Src/stm32f4xx_hal_cortex.o
                0x08000a3c                HAL_NVIC_SetPriority
 .text.HAL_NVIC_EnableIRQ
                0x08000aa4       0x18 Drivers/STM32F4xx_HAL_Driver/Src/stm32f4xx_hal_cortex.o
                0x08000aa4                HAL_NVIC_EnableIRQ
 .text.HAL_SYSTICK_Config
                0x08000abc       0x2c Drivers/STM32F4xx_HAL_Driver/Src/stm32f4xx_hal_cortex.o
                0x08000abc                HAL_SYSTICK_Config
 .text.DMA_SetConfig
                0x08000ae8       0x2c Drivers/STM32F4xx_HAL_Driver/Src/stm32f4xx_hal_dma.o
 .text.DMA_CalcBaseAndBitshift
                0x08000b14       0x3c Drivers/STM32F4xx_HAL_Driver/Src/stm32f4xx_hal_dma.o
 .text.DMA_CheckFifoParam
                0x08000b50       0x8e Drivers/STM32F4xx_HAL_Driver/Src/stm32f4xx_hal_dma.o
 *fill*         0x08000bde        0x2 
 .text.HAL_DMA_Init
                0x08000be0       0xcc Drivers/STM32F4xx_HAL_Driver/Src/stm32f4xx_hal_dma.o
                0x08000be0                HAL_DMA_Init
 .text.HAL_DMA_Start_IT
                0x08000cac       0x74 Drivers/STM32F4xx_HAL_Driver/Src/stm32f4xx_hal_dma.o
                0x08000cac                HAL_DMA_Start_IT
 .text.HAL_DMA_Abort
                0x08000d20       0x94 Drivers/STM32F4xx_HAL_Driver/Src/stm32f4xx_hal_dma.o
                0x08000d20                HAL_DMA_Abort
 .text.HAL_DMA_IRQHandler
                0x08000db4      0x1dc Drivers/STM32F4xx_HAL_Driver/Src/stm32f4xx_hal_dma.o
                0x08000db4                HAL_DMA_IRQHandler
 .text.HAL_DMA_GetState
                0x08000f90        0x6 Drivers/STM32F4xx_HAL_Driver/Src/stm32f4xx_hal_dma.o
                0x08000f90                HAL_DMA_GetState
 *fill*         0x08000f96        0x2 
 .text.HAL_GPIO_Init
                0x08000f98      0x1c8 Drivers/STM32F4xx_HAL_Driver/Src/stm32f4xx_hal_gpio.o
                0x08000f98                HAL_GPIO_Init
 .text.HAL_RCC_OscConfig
                0x08001160      0x398 Drivers/STM32F4xx_HAL_Driver/Src/stm32f4xx_hal_rcc.o
                0x08001160                HAL_RCC_OscConfig
 .text.HAL_RCC_GetSysClockFreq
                0x080014f8       0xd8 Drivers/STM32F4xx_HAL_Driver/Src/stm32f4xx_hal_rcc.o
                0x080014f8                HAL_RCC_GetSysClockFreq
 .text.HAL_RCC_ClockConfig
                0x080015d0      0x158 Drivers/STM32F4xx_HAL_Driver/Src/stm32f4xx_hal_rcc.o
                0x080015d0                HAL_RCC_ClockConfig
 .text.SPI_WaitFlagStateUntilTimeout
                0x08001728       0x96 Drivers/STM32F4xx_HAL_Driver/Src/stm32f4xx_hal_spi.o
 .text.SPI_CheckFlag_BSY
                0x080017be       0x28 Drivers/STM32F4xx_HAL_Driver/Src/stm32f4xx_hal_spi.o
 .text.HAL_SPI_Init
                0x080017e6       0x80 Drivers/STM32F4xx_HAL_Driver/Src/stm32f4xx_hal_spi.o
                0x080017e6                HAL_SPI_Init
 *fill*         0x08001866        0x2 
 .text.HAL_SPI_Transmit_DMA
                0x08001868       0xc4 Drivers/STM32F4xx_HAL_Driver/Src/stm32f4xx_hal_spi.o
                0x08001868                HAL_SPI_Transmit_DMA
 .text.HAL_SPI_DMAStop
                0x0800192c       0x28 Drivers/STM32F4xx_HAL_Driver/Src/stm32f4xx_hal_spi.o
                0x0800192c                HAL_SPI_DMAStop
 .text.SPI_DMAHalfTransmitCplt
                0x08001954        0xa Drivers/STM32F4xx_HAL_Driver/Src/stm32f4xx_hal_spi.o
 .text.HAL_SPI_ErrorCallback
                0x0800195e        0x2 Drivers/STM32F4xx_HAL_Driver/Src/stm32f4xx_hal_spi.o
                0x0800195e                HAL_SPI_ErrorCallback
 .text.SPI_DMAError
                0x08001960       0x22 Drivers/STM32F4xx_HAL_Driver/Src/stm32f4xx_hal_spi.o
 .text.SPI_DMATransmitCplt
                0x08001982       0x66 Drivers/STM32F4xx_HAL_Driver/Src/stm32f4xx_hal_spi.o
 .text.MX_GPIO_Init
                0x080019e8       0x38 Src/main.o
 .text.MX_DMA_Init
                0x08001a20       0x34 Src/main.o
 .text.MX_SPI1_Init
                0x08001a54       0x3c Src/main.o
 .text.SystemClock_Config
                0x08001a90       0x94 Src/main.o
                0x08001a90                SystemClock_Config
 .text.main     0x08001b24       0xb4 Src/main.o
                0x08001b24                main
 .text.Error_Handler
                0x08001bd8        0x2 Src/main.o
                0x08001bd8                Error_Handler
 .text.SetSegments
                0x08001bda       0x36 Src/msd_effect.o
                0x08001bda                SetSegments
 .text.SetSegmentParams
                0x08001c10       0x14 Src/msd_effect.o
                0x08001c10                SetSegmentParams
 .text.randNumber
                0x08001c24       0x12 Src/msd_effect.o
                0x08001c24                randNumber
 *fill*         0x08001c36        0x2 
 .text.HAL_MspInit
                0x08001c38       0x38 Src/stm32f4xx_hal_msp.o
                0x08001c38                HAL_MspInit
 .text.HAL_SPI_MspInit
                0x08001c70       0xb4 Src/stm32f4xx_hal_msp.o
                0x08001c70                HAL_SPI_MspInit
 .text.NMI_Handler
                0x08001d24        0x2 Src/stm32f4xx_it.o
                0x08001d24                NMI_Handler
 .text.HardFault_Handler
                0x08001d26        0x2 Src/stm32f4xx_it.o
                0x08001d26                HardFault_Handler
 .text.MemManage_Handler
                0x08001d28        0x2 Src/stm32f4xx_it.o
                0x08001d28                MemManage_Handler
 .text.BusFault_Handler
                0x08001d2a        0x2 Src/stm32f4xx_it.o
                0x08001d2a                BusFault_Handler
 .text.UsageFault_Handler
                0x08001d2c        0x2 Src/stm32f4xx_it.o
                0x08001d2c                UsageFault_Handler
 .text.SVC_Handler
                0x08001d2e        0x2 Src/stm32f4xx_it.o
                0x08001d2e                SVC_Handler
 .text.DebugMon_Handler
                0x08001d30        0x2 Src/stm32f4xx_it.o
                0x08001d30                DebugMon_Handler
 .text.PendSV_Handler
                0x08001d32        0x2 Src/stm32f4xx_it.o
                0x08001d32                PendSV_Handler
 .text.SysTick_Handler
                0x08001d34        0x8 Src/stm32f4xx_it.o
                0x08001d34                SysTick_Handler
 .text.DMA2_Stream3_IRQHandler
                0x08001d3c       0x10 Src/stm32f4xx_it.o
                0x08001d3c                DMA2_Stream3_IRQHandler
 .text.SystemInit
                0x08001d4c       0x4c Src/system_stm32f4xx.o
                0x08001d4c                SystemInit
 .text.WS2812B_Init
                0x08001d98        0xc Src/ws2812b.o
                0x08001d98                WS2812B_Init
 .text.WS2812B_SetDiodeColor
                0x08001da4       0x28 Src/ws2812b.o
                0x08001da4                WS2812B_SetDiodeColor
 .text.WS2812B_SetDiodeColorStruct
                0x08001dcc       0x2c Src/ws2812b.o
                0x08001dcc                WS2812B_SetDiodeColorStruct
 .text.WS2812B_SetDiodeRGB
                0x08001df8       0x20 Src/ws2812b.o
                0x08001df8                WS2812B_SetDiodeRGB
 .text.WS2812B_GetColor
                0x08001e18       0x1c Src/ws2812b.o
                0x08001e18                WS2812B_GetColor
 .text.WS2812B_GetPixels
                0x08001e34        0x8 Src/ws2812b.o
                0x08001e34                WS2812B_GetPixels
 .text.WS2812B_Refresh
                0x08001e3c       0x44 Src/ws2812b.o
                0x08001e3c                WS2812B_Refresh
 .text.HAL_SPI_TxHalfCpltCallback
                0x08001e80       0xec Src/ws2812b.o
                0x08001e80                HAL_SPI_TxHalfCpltCallback
 .text.HAL_SPI_TxCpltCallback
                0x08001f6c       0xcc Src/ws2812b.o
                0x08001f6c                HAL_SPI_TxCpltCallback
 .text.sine8    0x08002038        0xc Src/ws2812b.o
                0x08002038                sine8
 .text.mode_scan
                0x08002044       0x9c Src/ws2812b_fx.o
                0x08002044                mode_scan
 .text.mode_dual_scan
                0x080020e0       0xa4 Src/ws2812b_fx.o
                0x080020e0                mode_dual_scan
 .text.mode_sparkle
                0x08002184       0x68 Src/ws2812b_fx.o
                0x08002184                mode_sparkle
 .text.mode_flash_sparkle
                0x080021ec       0xd8 Src/ws2812b_fx.o
                0x080021ec                mode_flash_sparkle
 .text.mode_hyper_sparkle
                0x080022c4       0xe8 Src/ws2812b_fx.o
                0x080022c4                mode_hyper_sparkle
 .text.mode_multi_strobe
                0x080023ac       0xd8 Src/ws2812b_fx.o
                0x080023ac                mode_multi_strobe
 .text.mode_chase_flash
                0x08002484      0x108 Src/ws2812b_fx.o
                0x08002484                mode_chase_flash
 .text.mode_icu
                0x0800258c      0x1d4 Src/ws2812b_fx.o
                0x0800258c                mode_icu
 .text.mode_static
                0x08002760       0x48 Src/ws2812b_fx.o
                0x08002760                mode_static
 .text.mode_running_lights
                0x080027a8      0x110 Src/ws2812b_fx.o
                0x080027a8                mode_running_lights
 .text.WS2812BFX_Init
                0x080028b8      0x18c Src/ws2812b_fx.o
                0x080028b8                WS2812BFX_Init
 .text.WS2812BFX_SysTickCallback
                0x08002a44       0x34 Src/ws2812b_fx.o
                0x08002a44                WS2812BFX_SysTickCallback
 .text.WS2812BFX_Callback
                0x08002a78       0x80 Src/ws2812b_fx.o
                0x08002a78                WS2812BFX_Callback
 .text.WS2812BFX_SetMode
                0x08002af8       0x80 Src/ws2812b_fx.o
                0x08002af8                WS2812BFX_SetMode
 .text.WS2812BFX_Start
                0x08002b78       0x48 Src/ws2812b_fx.o
                0x08002b78                WS2812BFX_Start
 .text.WS2812BFX_SetColorRGB
                0x08002bc0       0x2c Src/ws2812b_fx.o
                0x08002bc0                WS2812BFX_SetColorRGB
 .text.WS2812BFX_RGBtoHSV
                0x08002bec       0xe0 Src/ws2812b_fx.o
                0x08002bec                WS2812BFX_RGBtoHSV
 .text.WS2812BFX_HSVtoRGB
                0x08002ccc       0xdc Src/ws2812b_fx.o
                0x08002ccc                WS2812BFX_HSVtoRGB
 .text.WS2812BFX_SetAll
                0x08002da8       0x50 Src/ws2812b_fx.o
                0x08002da8                WS2812BFX_SetAll
 .text.WS2812BFX_SetAllRGB
                0x08002df8       0x68 Src/ws2812b_fx.o
                0x08002df8                WS2812BFX_SetAllRGB
 .text.mode_breath
                0x08002e60       0xb0 Src/ws2812b_fx.o
                0x08002e60                mode_breath
 .text.WS2812BFX_SetSpeed
                0x08002f10       0x2c Src/ws2812b_fx.o
                0x08002f10                WS2812BFX_SetSpeed
 .text.WS2812BFX_SetSegmentLenght
                0x08002f3c       0x30 Src/ws2812b_fx.o
                0x08002f3c                WS2812BFX_SetSegmentLenght
 .text.color_wheel
                0x08002f6c       0x46 Src/ws2812b_fx.o
                0x08002f6c                color_wheel
 *fill*         0x08002fb2        0x2 
 .text.mode_single_dynamic
                0x08002fb4       0xbc Src/ws2812b_fx.o
                0x08002fb4                mode_single_dynamic
 .text.mode_multi_dynamic
                0x08003070       0x5c Src/ws2812b_fx.o
                0x08003070                mode_multi_dynamic
 .text.mode_rainbow
                0x080030cc       0x58 Src/ws2812b_fx.o
                0x080030cc                mode_rainbow
 .text.mode_rainbow_cycle
                0x08003124       0x58 Src/ws2812b_fx.o
                0x08003124                mode_rainbow_cycle
 .text.mode_spectrum
                0x0800317c       0xf0 Src/ws2812b_fx.o
                0x0800317c                mode_spectrum
 .text.get_random_wheel_index
                0x0800326c       0x34 Src/ws2812b_fx.o
                0x0800326c                get_random_wheel_index
 .text.mode_random_color
                0x080032a0       0x54 Src/ws2812b_fx.o
                0x080032a0                mode_random_color
 .text.mode_chase_flash_random
                0x080032f4      0x120 Src/ws2812b_fx.o
                0x080032f4                mode_chase_flash_random
 .text.mode_running_random
                0x08003414       0xf0 Src/ws2812b_fx.o
                0x08003414                mode_running_random
 .text.fade_out
                0x08003504       0xb8 Src/ws2812b_fx.o
                0x08003504                fade_out
 .text.mode_larson_scanner
                0x080035bc       0xd0 Src/ws2812b_fx.o
                0x080035bc                mode_larson_scanner
 .text.mode_comet
                0x0800368c       0x70 Src/ws2812b_fx.o
                0x0800368c                mode_comet
 .text.color_blend
                0x080036fc       0x86 Src/ws2812b_fx.o
                0x080036fc                color_blend
 *fill*         0x08003782        0x2 
 .text.mode_fade
                0x08003784       0x70 Src/ws2812b_fx.o
                0x08003784                mode_fade
 .text.to_color
                0x080037f4      0x154 Src/ws2812b_fx.o
                0x080037f4                to_color
 .text.mode_white_to_color
                0x08003948        0xa Src/ws2812b_fx.o
                0x08003948                mode_white_to_color
 .text.mode_black_to_color
                0x08003952        0xa Src/ws2812b_fx.o
                0x08003952                mode_black_to_color
 .text.blink    0x0800395c       0x64 Src/ws2812b_fx.o
                0x0800395c                blink
 .text.mode_blink
                0x080039c0       0x28 Src/ws2812b_fx.o
                0x080039c0                mode_blink
 .text.mode_blink_rainbow
                0x080039e8       0x2c Src/ws2812b_fx.o
                0x080039e8                mode_blink_rainbow
 .text.mode_strobe
                0x08003a14       0x28 Src/ws2812b_fx.o
                0x08003a14                mode_strobe
 .text.mode_strobe_rainbow
                0x08003a3c       0x2c Src/ws2812b_fx.o
                0x08003a3c                mode_strobe_rainbow
 .text.color_wipe
                0x08003a68       0x88 Src/ws2812b_fx.o
                0x08003a68                color_wipe
 .text.mode_color_wipe
                0x08003af0       0x28 Src/ws2812b_fx.o
                0x08003af0                mode_color_wipe
 .text.mode_color_wipe_inv
                0x08003b18       0x28 Src/ws2812b_fx.o
                0x08003b18                mode_color_wipe_inv
 .text.mode_color_wipe_rev
                0x08003b40       0x28 Src/ws2812b_fx.o
                0x08003b40                mode_color_wipe_rev
 .text.mode_color_wipe_rev_inv
                0x08003b68       0x28 Src/ws2812b_fx.o
                0x08003b68                mode_color_wipe_rev_inv
 .text.mode_color_wipe_random
                0x08003b90       0x70 Src/ws2812b_fx.o
                0x08003b90                mode_color_wipe_random
 .text.mode_color_sweep_random
                0x08003c00       0x60 Src/ws2812b_fx.o
                0x08003c00                mode_color_sweep_random
 .text.theater_chase
                0x08003c60       0xb4 Src/ws2812b_fx.o
                0x08003c60                theater_chase
 .text.mode_theater_chase
                0x08003d14       0x24 Src/ws2812b_fx.o
                0x08003d14                mode_theater_chase
 .text.mode_theater_chase_rainbow
                0x08003d38       0x30 Src/ws2812b_fx.o
                0x08003d38                mode_theater_chase_rainbow
 .text.twinkle  0x08003d68       0xd0 Src/ws2812b_fx.o
                0x08003d68                twinkle
 .text.mode_twinkle
                0x08003e38       0x24 Src/ws2812b_fx.o
                0x08003e38                mode_twinkle
 .text.mode_twinkle_random
                0x08003e5c       0x38 Src/ws2812b_fx.o
                0x08003e5c                mode_twinkle_random
 .text.twinkle_fade
                0x08003e94       0x80 Src/ws2812b_fx.o
                0x08003e94                twinkle_fade
 .text.mode_twinkle_fade
                0x08003f14       0x24 Src/ws2812b_fx.o
                0x08003f14                mode_twinkle_fade
 .text.mode_twinkle_fade_random
                0x08003f38       0x1c Src/ws2812b_fx.o
                0x08003f38                mode_twinkle_fade_random
 .text.chase    0x08003f54      0x160 Src/ws2812b_fx.o
                0x08003f54                chase
 .text.mode_bicolor_chase
                0x080040b4       0x28 Src/ws2812b_fx.o
                0x080040b4                mode_bicolor_chase
 .text.mode_chase_color
                0x080040dc       0x28 Src/ws2812b_fx.o
                0x080040dc                mode_chase_color
 .text.mode_chase_blackout
                0x08004104       0x28 Src/ws2812b_fx.o
                0x08004104                mode_chase_blackout
 .text.mode_chase_white
                0x0800412c       0x28 Src/ws2812b_fx.o
                0x0800412c                mode_chase_white
 .text.mode_chase_random
                0x08004154       0x50 Src/ws2812b_fx.o
                0x08004154                mode_chase_random
 .text.mode_chase_rainbow_white
                0x080041a4       0x6c Src/ws2812b_fx.o
                0x080041a4                mode_chase_rainbow_white
 .text.mode_chase_rainbow
                0x08004210       0x48 Src/ws2812b_fx.o
                0x08004210                mode_chase_rainbow
 .text.mode_chase_blackout_rainbow
                0x08004258       0x48 Src/ws2812b_fx.o
                0x08004258                mode_chase_blackout_rainbow
 .text.running  0x080042a0       0x8c Src/ws2812b_fx.o
                0x080042a0                running
 .text.mode_running_color
                0x0800432c       0x28 Src/ws2812b_fx.o
                0x0800432c                mode_running_color
 .text.mode_running_red_blue
                0x08004354        0xe Src/ws2812b_fx.o
                0x08004354                mode_running_red_blue
 .text.mode_merry_christmas
                0x08004362       0x10 Src/ws2812b_fx.o
                0x08004362                mode_merry_christmas
 *fill*         0x08004372        0x2 
 .text.mode_halloween
                0x08004374       0x14 Src/ws2812b_fx.o
                0x08004374                mode_halloween
 .text.fireworks
                0x08004388      0x154 Src/ws2812b_fx.o
                0x08004388                fireworks
 .text.mode_fireworks
                0x080044dc       0x24 Src/ws2812b_fx.o
                0x080044dc                mode_fireworks
 .text.mode_fireworks_random
                0x08004500       0x1c Src/ws2812b_fx.o
                0x08004500                mode_fireworks_random
 .text.fire_flicker
                0x0800451c       0x94 Src/ws2812b_fx.o
                0x0800451c                fire_flicker
 .text.mode_fire_flicker
                0x080045b0        0xa Src/ws2812b_fx.o
                0x080045b0                mode_fire_flicker
 .text.mode_fire_flicker_soft
                0x080045ba        0xa Src/ws2812b_fx.o
                0x080045ba                mode_fire_flicker_soft
 .text.mode_fire_flicker_intense
                0x080045c4        0xa Src/ws2812b_fx.o
                0x080045c4                mode_fire_flicker_intense
 *fill*         0x080045ce        0x2 
 .text.tricolor_chase
                0x080045d0       0xac Src/ws2812b_fx.o
                0x080045d0                tricolor_chase
 .text.mode_tricolor_chase
                0x0800467c       0x28 Src/ws2812b_fx.o
                0x0800467c                mode_tricolor_chase
 .text.mode_circus_combustus
                0x080046a4       0x12 Src/ws2812b_fx.o
                0x080046a4                mode_circus_combustus
 *fill*         0x080046b6        0x2 
 .text.Reset_Handler
                0x080046b8       0x50 startup/startup_stm32f407xx.o
                0x080046b8                Reset_Handler
 .text.Default_Handler
                0x08004708        0x2 startup/startup_stm32f407xx.o
                0x08004708                RTC_Alarm_IRQHandler
                0x08004708                HASH_RNG_IRQHandler
                0x08004708                EXTI2_IRQHandler
                0x08004708                TIM8_CC_IRQHandler
                0x08004708                TIM1_CC_IRQHandler
                0x08004708                DMA2_Stream5_IRQHandler
                0x08004708                DMA1_Stream5_IRQHandler
                0x08004708                PVD_IRQHandler
                0x08004708                SDIO_IRQHandler
                0x08004708                TAMP_STAMP_IRQHandler
                0x08004708                CAN2_RX1_IRQHandler
                0x08004708                EXTI3_IRQHandler
                0x08004708                TIM8_TRG_COM_TIM14_IRQHandler
                0x08004708                TIM1_UP_TIM10_IRQHandler
                0x08004708                TIM8_UP_TIM13_IRQHandler
                0x08004708                I2C3_ER_IRQHandler
                0x08004708                EXTI0_IRQHandler
                0x08004708                I2C2_EV_IRQHandler
                0x08004708                DMA1_Stream2_IRQHandler
                0x08004708                CAN1_RX0_IRQHandler
                0x08004708                FPU_IRQHandler
                0x08004708                OTG_HS_WKUP_IRQHandler
                0x08004708                CAN2_SCE_IRQHandler
                0x08004708                DMA2_Stream2_IRQHandler
                0x08004708                SPI1_IRQHandler
                0x08004708                TIM6_DAC_IRQHandler
                0x08004708                TIM1_BRK_TIM9_IRQHandler
                0x08004708                DCMI_IRQHandler
                0x08004708                CAN2_RX0_IRQHandler
                0x08004708                USART6_IRQHandler
                0x08004708                USART3_IRQHandler
                0x08004708                CAN1_RX1_IRQHandler
                0x08004708                UART5_IRQHandler
                0x08004708                DMA2_Stream0_IRQHandler
                0x08004708                TIM4_IRQHandler
                0x08004708                I2C1_EV_IRQHandler
                0x08004708                DMA1_Stream6_IRQHandler
                0x08004708                DMA1_Stream1_IRQHandler
                0x08004708                UART4_IRQHandler
                0x08004708                TIM3_IRQHandler
                0x08004708                RCC_IRQHandler
                0x08004708                TIM8_BRK_TIM12_IRQHandler
                0x08004708                Default_Handler
                0x08004708                EXTI15_10_IRQHandler
                0x08004708                ADC_IRQHandler
                0x08004708                DMA1_Stream7_IRQHandler
                0x08004708                TIM7_IRQHandler
                0x08004708                CAN2_TX_IRQHandler
                0x08004708                TIM5_IRQHandler
                0x08004708                DMA2_Stream7_IRQHandler
                0x08004708                I2C3_EV_IRQHandler
                0x08004708                EXTI9_5_IRQHandler
                0x08004708                RTC_WKUP_IRQHandler
                0x08004708                ETH_WKUP_IRQHandler
                0x08004708                SPI2_IRQHandler
                0x08004708                OTG_HS_EP1_IN_IRQHandler
                0x08004708                DMA1_Stream0_IRQHandler
                0x08004708                CAN1_TX_IRQHandler
                0x08004708                EXTI4_IRQHandler
                0x08004708                FSMC_IRQHandler
                0x08004708                ETH_IRQHandler
                0x08004708                OTG_HS_EP1_OUT_IRQHandler
                0x08004708                WWDG_IRQHandler
                0x08004708                TIM2_IRQHandler
                0x08004708                OTG_FS_WKUP_IRQHandler
                0x08004708                TIM1_TRG_COM_TIM11_IRQHandler
                0x08004708                OTG_HS_IRQHandler
                0x08004708                EXTI1_IRQHandler
                0x08004708                USART2_IRQHandler
                0x08004708                I2C2_ER_IRQHandler
                0x08004708                DMA2_Stream1_IRQHandler
                0x08004708                CAN1_SCE_IRQHandler
                0x08004708                FLASH_IRQHandler
                0x08004708                DMA2_Stream4_IRQHandler
                0x08004708                USART1_IRQHandler
                0x08004708                OTG_FS_IRQHandler
                0x08004708                SPI3_IRQHandler
                0x08004708                DMA1_Stream4_IRQHandler
                0x08004708                I2C1_ER_IRQHandler
                0x08004708                DMA2_Stream6_IRQHandler
                0x08004708                DMA1_Stream3_IRQHandler
 *fill*         0x0800470a        0x2 
 .text.calloc   0x0800470c       0x10 c:/ac6/systemworkbench/plugins/fr.ac6.mcu.externaltools.arm-none.win32_1.17.0.201812190825/tools/compiler/bin/../lib/gcc/arm-none-eabi/7.3.1/../../../../arm-none-eabi/lib/thumb/v7e-m/fpv4-sp/hard\libc_nano.a(lib_a-calloc.o)
                0x0800470c                calloc
 .text.__libc_init_array
                0x0800471c       0x48 c:/ac6/systemworkbench/plugins/fr.ac6.mcu.externaltools.arm-none.win32_1.17.0.201812190825/tools/compiler/bin/../lib/gcc/arm-none-eabi/7.3.1/../../../../arm-none-eabi/lib/thumb/v7e-m/fpv4-sp/hard\libc_nano.a(lib_a-init.o)
                0x0800471c                __libc_init_array
 .text.malloc   0x08004764       0x10 c:/ac6/systemworkbench/plugins/fr.ac6.mcu.externaltools.arm-none.win32_1.17.0.201812190825/tools/compiler/bin/../lib/gcc/arm-none-eabi/7.3.1/../../../../arm-none-eabi/lib/thumb/v7e-m/fpv4-sp/hard\libc_nano.a(lib_a-malloc.o)
                0x08004764                malloc
 .text.free     0x08004774       0x10 c:/ac6/systemworkbench/plugins/fr.ac6.mcu.externaltools.arm-none.win32_1.17.0.201812190825/tools/compiler/bin/../lib/gcc/arm-none-eabi/7.3.1/../../../../arm-none-eabi/lib/thumb/v7e-m/fpv4-sp/hard\libc_nano.a(lib_a-malloc.o)
                0x08004774                free
 .text.memset   0x08004784       0x10 c:/ac6/systemworkbench/plugins/fr.ac6.mcu.externaltools.arm-none.win32_1.17.0.201812190825/tools/compiler/bin/../lib/gcc/arm-none-eabi/7.3.1/../../../../arm-none-eabi/lib/thumb/v7e-m/fpv4-sp/hard\libc_nano.a(lib_a-memset.o)
                0x08004784                memset
 .text._calloc_r
                0x08004794       0x1c c:/ac6/systemworkbench/plugins/fr.ac6.mcu.externaltools.arm-none.win32_1.17.0.201812190825/tools/compiler/bin/../lib/gcc/arm-none-eabi/7.3.1/../../../../arm-none-eabi/lib/thumb/v7e-m/fpv4-sp/hard\libc_nano.a(lib_a-nano-callocr.o)
                0x08004794                _calloc_r
 .text._free_r  0x080047b0       0x9c c:/ac6/systemworkbench/plugins/fr.ac6.mcu.externaltools.arm-none.win32_1.17.0.201812190825/tools/compiler/bin/../lib/gcc/arm-none-eabi/7.3.1/../../../../arm-none-eabi/lib/thumb/v7e-m/fpv4-sp/hard\libc_nano.a(lib_a-nano-freer.o)
                0x080047b0                _free_r
 .text._malloc_r
                0x0800484c       0xb4 c:/ac6/systemworkbench/plugins/fr.ac6.mcu.externaltools.arm-none.win32_1.17.0.201812190825/tools/compiler/bin/../lib/gcc/arm-none-eabi/7.3.1/../../../../arm-none-eabi/lib/thumb/v7e-m/fpv4-sp/hard\libc_nano.a(lib_a-nano-mallocr.o)
                0x0800484c                _malloc_r
 .text.rand     0x08004900       0x68 c:/ac6/systemworkbench/plugins/fr.ac6.mcu.externaltools.arm-none.win32_1.17.0.201812190825/tools/compiler/bin/../lib/gcc/arm-none-eabi/7.3.1/../../../../arm-none-eabi/lib/thumb/v7e-m/fpv4-sp/hard\libc_nano.a(lib_a-rand.o)
                0x08004900                rand
 .text._sbrk_r  0x08004968       0x20 c:/ac6/systemworkbench/plugins/fr.ac6.mcu.externaltools.arm-none.win32_1.17.0.201812190825/tools/compiler/bin/../lib/gcc/arm-none-eabi/7.3.1/../../../../arm-none-eabi/lib/thumb/v7e-m/fpv4-sp/hard\libc_nano.a(lib_a-sbrkr.o)
                0x08004968                _sbrk_r
 .text.__malloc_lock
                0x08004988        0x2 c:/ac6/systemworkbench/plugins/fr.ac6.mcu.externaltools.arm-none.win32_1.17.0.201812190825/tools/compiler/bin/../lib/gcc/arm-none-eabi/7.3.1/../../../../arm-none-eabi/lib/thumb/v7e-m/fpv4-sp/hard\libc_nano.a(lib_a-mlock.o)
                0x08004988                __malloc_lock
 .text.__malloc_unlock
                0x0800498a        0x2 c:/ac6/systemworkbench/plugins/fr.ac6.mcu.externaltools.arm-none.win32_1.17.0.201812190825/tools/compiler/bin/../lib/gcc/arm-none-eabi/7.3.1/../../../../arm-none-eabi/lib/thumb/v7e-m/fpv4-sp/hard\libc_nano.a(lib_a-mlock.o)
                0x0800498a                __malloc_unlock
 .text._sbrk    0x0800498c       0x1c c:/ac6/systemworkbench/plugins/fr.ac6.mcu.externaltools.arm-none.win32_1.17.0.201812190825/tools/compiler/bin/../lib/gcc/arm-none-eabi/7.3.1/../../../../arm-none-eabi/lib/thumb/v7e-m/fpv4-sp/hard\libnosys.a(sbrk.o)
                0x0800498c                _sbrk
 *(.glue_7)
 .glue_7        0x080049a8        0x0 linker stubs
 *(.glue_7t)
 .glue_7t       0x080049a8        0x0 linker stubs
 *(.eh_frame)
 .eh_frame      0x080049a8        0x0 c:/ac6/systemworkbench/plugins/fr.ac6.mcu.externaltools.arm-none.win32_1.17.0.201812190825/tools/compiler/bin/../lib/gcc/arm-none-eabi/7.3.1/thumb/v7e-m/fpv4-sp/hard/crtbegin.o
 *(.init)
 .init          0x080049a8        0x4 c:/ac6/systemworkbench/plugins/fr.ac6.mcu.externaltools.arm-none.win32_1.17.0.201812190825/tools/compiler/bin/../lib/gcc/arm-none-eabi/7.3.1/thumb/v7e-m/fpv4-sp/hard/crti.o
                0x080049a8                _init
 .init          0x080049ac        0x8 c:/ac6/systemworkbench/plugins/fr.ac6.mcu.externaltools.arm-none.win32_1.17.0.201812190825/tools/compiler/bin/../lib/gcc/arm-none-eabi/7.3.1/thumb/v7e-m/fpv4-sp/hard/crtn.o
 *(.fini)
 .fini          0x080049b4        0x4 c:/ac6/systemworkbench/plugins/fr.ac6.mcu.externaltools.arm-none.win32_1.17.0.201812190825/tools/compiler/bin/../lib/gcc/arm-none-eabi/7.3.1/thumb/v7e-m/fpv4-sp/hard/crti.o
                0x080049b4                _fini
 .fini          0x080049b8        0x8 c:/ac6/systemworkbench/plugins/fr.ac6.mcu.externaltools.arm-none.win32_1.17.0.201812190825/tools/compiler/bin/../lib/gcc/arm-none-eabi/7.3.1/thumb/v7e-m/fpv4-sp/hard/crtn.o
                0x080049c0                . = ALIGN (0x4)
                0x080049c0                _etext = .

.vfp11_veneer   0x080049c0        0x0
 .vfp11_veneer  0x080049c0        0x0 linker stubs

.v4_bx          0x080049c0        0x0
 .v4_bx         0x080049c0        0x0 linker stubs

.iplt           0x080049c0        0x0
 .iplt          0x080049c0        0x0 c:/ac6/systemworkbench/plugins/fr.ac6.mcu.externaltools.arm-none.win32_1.17.0.201812190825/tools/compiler/bin/../lib/gcc/arm-none-eabi/7.3.1/thumb/v7e-m/fpv4-sp/hard/crtbegin.o

.rodata         0x080049c0      0x220
                0x080049c0                . = ALIGN (0x4)
 *(.rodata)
 .rodata        0x080049c0        0x8 Drivers/STM32F4xx_HAL_Driver/Src/stm32f4xx_hal_dma.o
 .rodata        0x080049c8       0x18 Src/system_stm32f4xx.o
                0x080049c8                AHBPrescTable
                0x080049d8                APBPrescTable
 .rodata        0x080049e0      0x200 Src/ws2812b.o
 *(.rodata*)
                0x08004be0                . = ALIGN (0x4)

.ARM.extab
 *(.ARM.extab* .gnu.linkonce.armextab.*)

.ARM            0x08004be0        0x8
                0x08004be0                __exidx_start = .
 *(.ARM.exidx*)
 .ARM.exidx     0x08004be0        0x8 c:/ac6/systemworkbench/plugins/fr.ac6.mcu.externaltools.arm-none.win32_1.17.0.201812190825/tools/compiler/bin/../lib/gcc/arm-none-eabi/7.3.1/thumb/v7e-m/fpv4-sp/hard\libgcc.a(_udivmoddi4.o)
                0x08004be8                __exidx_end = .

.rel.dyn        0x08004be8        0x0
 .rel.iplt      0x08004be8        0x0 c:/ac6/systemworkbench/plugins/fr.ac6.mcu.externaltools.arm-none.win32_1.17.0.201812190825/tools/compiler/bin/../lib/gcc/arm-none-eabi/7.3.1/thumb/v7e-m/fpv4-sp/hard/crtbegin.o

.preinit_array  0x08004be8        0x0
                0x08004be8                PROVIDE (__preinit_array_start = .)
 *(.preinit_array*)
                0x08004be8                PROVIDE (__preinit_array_end = .)

.init_array     0x08004be8        0x4
                0x08004be8                PROVIDE (__init_array_start = .)
 *(SORT_BY_NAME(.init_array.*))
 *(.init_array*)
 .init_array    0x08004be8        0x4 c:/ac6/systemworkbench/plugins/fr.ac6.mcu.externaltools.arm-none.win32_1.17.0.201812190825/tools/compiler/bin/../lib/gcc/arm-none-eabi/7.3.1/thumb/v7e-m/fpv4-sp/hard/crtbegin.o
                0x08004bec                PROVIDE (__init_array_end = .)

.fini_array     0x08004bec        0x4
                [!provide]                PROVIDE (__fini_array_start = .)
 *(SORT_BY_NAME(.fini_array.*))
 *(.fini_array*)
 .fini_array    0x08004bec        0x4 c:/ac6/systemworkbench/plugins/fr.ac6.mcu.externaltools.arm-none.win32_1.17.0.201812190825/tools/compiler/bin/../lib/gcc/arm-none-eabi/7.3.1/thumb/v7e-m/fpv4-sp/hard/crtbegin.o
                [!provide]                PROVIDE (__fini_array_end = .)
                0x08004bf0                _sidata = LOADADDR (.data)

.data           0x20000000      0x188 load address 0x08004bf0
                0x20000000                . = ALIGN (0x4)
                0x20000000                _sdata = .
 *(.data)
 .data          0x20000000        0x8 Drivers/STM32F4xx_HAL_Driver/Src/stm32f4xx_hal.o
                0x20000000                uwTickFreq
                0x20000004                uwTickPrio
 .data          0x20000008       0x2c Src/main.o
                0x20000008                speedALL
                0x2000000c                tablica_mocy
                0x20000020                tablica_max_mocy
 .data          0x20000034        0x4 Src/system_stm32f4xx.o
                0x20000034                SystemCoreClock
 .data          0x20000038       0xec Src/ws2812b_fx.o
                0x20000038                mMode
 *(.data*)
 .data._impure_ptr
                0x20000124        0x4 c:/ac6/systemworkbench/plugins/fr.ac6.mcu.externaltools.arm-none.win32_1.17.0.201812190825/tools/compiler/bin/../lib/gcc/arm-none-eabi/7.3.1/../../../../arm-none-eabi/lib/thumb/v7e-m/fpv4-sp/hard\libc_nano.a(lib_a-impure.o)
                0x20000124                _impure_ptr
 .data.impure_data
                0x20000128       0x60 c:/ac6/systemworkbench/plugins/fr.ac6.mcu.externaltools.arm-none.win32_1.17.0.201812190825/tools/compiler/bin/../lib/gcc/arm-none-eabi/7.3.1/../../../../arm-none-eabi/lib/thumb/v7e-m/fpv4-sp/hard\libc_nano.a(lib_a-impure.o)
                0x20000188                . = ALIGN (0x4)
                0x20000188                _edata = .
                0x08004d78                _siccmram = LOADADDR (.ccmram)

.igot.plt       0x20000188        0x0 load address 0x08004d78
 .igot.plt      0x20000188        0x0 c:/ac6/systemworkbench/plugins/fr.ac6.mcu.externaltools.arm-none.win32_1.17.0.201812190825/tools/compiler/bin/../lib/gcc/arm-none-eabi/7.3.1/thumb/v7e-m/fpv4-sp/hard/crtbegin.o

.ccmram         0x10000000        0x0 load address 0x08004d78
                0x10000000                . = ALIGN (0x4)
                0x10000000                _sccmram = .
 *(.ccmram)
 *(.ccmram*)
                0x10000000                . = ALIGN (0x4)
                0x10000000                _eccmram = .
                0x10000000                . = ALIGN (0x4)

.bss            0x20000188      0x1c4
                0x20000188                _sbss = .
                0x20000188                __bss_start__ = _sbss
 *(.bss)
 .bss           0x20000188       0x1c c:/ac6/systemworkbench/plugins/fr.ac6.mcu.externaltools.arm-none.win32_1.17.0.201812190825/tools/compiler/bin/../lib/gcc/arm-none-eabi/7.3.1/thumb/v7e-m/fpv4-sp/hard/crtbegin.o
 .bss           0x200001a4       0x34 Src/ws2812b.o
 .bss           0x200001d8        0x5 Src/ws2812b_fx.o
                0x200001d8                Ws28b12b_Segments
 *(.bss*)
 *fill*         0x200001dd        0x3 
 .bss.__malloc_free_list
                0x200001e0        0x4 c:/ac6/systemworkbench/plugins/fr.ac6.mcu.externaltools.arm-none.win32_1.17.0.201812190825/tools/compiler/bin/../lib/gcc/arm-none-eabi/7.3.1/../../../../arm-none-eabi/lib/thumb/v7e-m/fpv4-sp/hard\libc_nano.a(lib_a-nano-mallocr.o)
                0x200001e0                __malloc_free_list
 .bss.__malloc_sbrk_start
                0x200001e4        0x4 c:/ac6/systemworkbench/plugins/fr.ac6.mcu.externaltools.arm-none.win32_1.17.0.201812190825/tools/compiler/bin/../lib/gcc/arm-none-eabi/7.3.1/../../../../arm-none-eabi/lib/thumb/v7e-m/fpv4-sp/hard\libc_nano.a(lib_a-nano-mallocr.o)
                0x200001e4                __malloc_sbrk_start
 .bss.heap_end.5377
                0x200001e8        0x4 c:/ac6/systemworkbench/plugins/fr.ac6.mcu.externaltools.arm-none.win32_1.17.0.201812190825/tools/compiler/bin/../lib/gcc/arm-none-eabi/7.3.1/../../../../arm-none-eabi/lib/thumb/v7e-m/fpv4-sp/hard\libnosys.a(sbrk.o)
 *(COMMON)
 COMMON         0x200001ec        0x4 Drivers/STM32F4xx_HAL_Driver/Src/stm32f4xx_hal.o
                0x200001ec                uwTick
 COMMON         0x200001f0       0xb8 Src/main.o
                0x200001f0                hspi1
                0x20000248                hdma_spi1_tx
 COMMON         0x200002a8       0x7c Src/ws2812b.o
                0x200002a8                hspi_ws2812b
                0x200002ac                ws2812b_array
 COMMON         0x20000324       0x22 Src/ws2812b_fx.o
                0x20000324                mSegments
                0x20000326                mRunning
                0x20000328                mColor
                0x20000334                mModeCallback
                0x20000338                mActualSegment
                0x2000033c                mColor_w
                0x20000345                mTriggered
 *fill*         0x20000346        0x2 
 COMMON         0x20000348        0x4 c:/ac6/systemworkbench/plugins/fr.ac6.mcu.externaltools.arm-none.win32_1.17.0.201812190825/tools/compiler/bin/../lib/gcc/arm-none-eabi/7.3.1/../../../../arm-none-eabi/lib/thumb/v7e-m/fpv4-sp/hard\libc_nano.a(lib_a-reent.o)
                0x20000348                errno
                0x2000034c                . = ALIGN (0x4)
                0x2000034c                _ebss = .
                0x2000034c                __bss_end__ = _ebss

._user_heap_stack
                0x2000034c      0x604
                0x20000350                . = ALIGN (0x8)
 *fill*         0x2000034c        0x4 
                0x20000350                PROVIDE (end = .)
                [!provide]                PROVIDE (_end = .)
                0x20000550                . = (. + _Min_Heap_Size)
 *fill*         0x20000350      0x200 
                0x20000950                . = (. + _Min_Stack_Size)
 *fill*         0x20000550      0x400 
                0x20000950                . = ALIGN (0x8)

/DISCARD/
 libc.a(*)
 libm.a(*)
 libgcc.a(*)

.ARM.attributes
                0x00000000       0x30
 *(.ARM.attributes)
 .ARM.attributes
                0x00000000       0x22 c:/ac6/systemworkbench/plugins/fr.ac6.mcu.externaltools.arm-none.win32_1.17.0.201812190825/tools/compiler/bin/../lib/gcc/arm-none-eabi/7.3.1/thumb/v7e-m/fpv4-sp/hard/crti.o
 .ARM.attributes
                0x00000022       0x34 c:/ac6/systemworkbench/plugins/fr.ac6.mcu.externaltools.arm-none.win32_1.17.0.201812190825/tools/compiler/bin/../lib/gcc/arm-none-eabi/7.3.1/thumb/v7e-m/fpv4-sp/hard/crtbegin.o
 .ARM.attributes
                0x00000056       0x39 Drivers/STM32F4xx_HAL_Driver/Src/stm32f4xx_hal.o
 .ARM.attributes
                0x0000008f       0x39 Drivers/STM32F4xx_HAL_Driver/Src/stm32f4xx_hal_cortex.o
 .ARM.attributes
                0x000000c8       0x39 Drivers/STM32F4xx_HAL_Driver/Src/stm32f4xx_hal_dma.o
 .ARM.attributes
                0x00000101       0x39 Drivers/STM32F4xx_HAL_Driver/Src/stm32f4xx_hal_gpio.o
 .ARM.attributes
                0x0000013a       0x39 Drivers/STM32F4xx_HAL_Driver/Src/stm32f4xx_hal_rcc.o
 .ARM.attributes
                0x00000173       0x39 Drivers/STM32F4xx_HAL_Driver/Src/stm32f4xx_hal_spi.o
 .ARM.attributes
                0x000001ac       0x39 Src/main.o
 .ARM.attributes
                0x000001e5       0x39 Src/msd_effect.o
 .ARM.attributes
                0x0000021e       0x39 Src/stm32f4xx_hal_msp.o
 .ARM.attributes
                0x00000257       0x39 Src/stm32f4xx_it.o
 .ARM.attributes
                0x00000290       0x39 Src/system_stm32f4xx.o
 .ARM.attributes
                0x000002c9       0x39 Src/ws2812b.o
 .ARM.attributes
                0x00000302       0x39 Src/ws2812b_fx.o
 .ARM.attributes
                0x0000033b       0x21 startup/startup_stm32f407xx.o
 .ARM.attributes
                0x0000035c       0x22 c:/ac6/systemworkbench/plugins/fr.ac6.mcu.externaltools.arm-none.win32_1.17.0.201812190825/tools/compiler/bin/../lib/gcc/arm-none-eabi/7.3.1/thumb/v7e-m/fpv4-sp/hard\libgcc.a(_arm_addsubdf3.o)
 .ARM.attributes
                0x0000037e       0x22 c:/ac6/systemworkbench/plugins/fr.ac6.mcu.externaltools.arm-none.win32_1.17.0.201812190825/tools/compiler/bin/../lib/gcc/arm-none-eabi/7.3.1/thumb/v7e-m/fpv4-sp/hard\libgcc.a(_arm_cmpdf2.o)
 .ARM.attributes
                0x000003a0       0x22 c:/ac6/systemworkbench/plugins/fr.ac6.mcu.externaltools.arm-none.win32_1.17.0.201812190825/tools/compiler/bin/../lib/gcc/arm-none-eabi/7.3.1/thumb/v7e-m/fpv4-sp/hard\libgcc.a(_aeabi_uldivmod.o)
 .ARM.attributes
                0x000003c2       0x34 c:/ac6/systemworkbench/plugins/fr.ac6.mcu.externaltools.arm-none.win32_1.17.0.201812190825/tools/compiler/bin/../lib/gcc/arm-none-eabi/7.3.1/thumb/v7e-m/fpv4-sp/hard\libgcc.a(_udivmoddi4.o)
 .ARM.attributes
                0x000003f6       0x22 c:/ac6/systemworkbench/plugins/fr.ac6.mcu.externaltools.arm-none.win32_1.17.0.201812190825/tools/compiler/bin/../lib/gcc/arm-none-eabi/7.3.1/thumb/v7e-m/fpv4-sp/hard\libgcc.a(_dvmd_tls.o)
 .ARM.attributes
                0x00000418       0x34 c:/ac6/systemworkbench/plugins/fr.ac6.mcu.externaltools.arm-none.win32_1.17.0.201812190825/tools/compiler/bin/../lib/gcc/arm-none-eabi/7.3.1/../../../../arm-none-eabi/lib/thumb/v7e-m/fpv4-sp/hard\libc_nano.a(lib_a-calloc.o)
 .ARM.attributes
                0x0000044c       0x34 c:/ac6/systemworkbench/plugins/fr.ac6.mcu.externaltools.arm-none.win32_1.17.0.201812190825/tools/compiler/bin/../lib/gcc/arm-none-eabi/7.3.1/../../../../arm-none-eabi/lib/thumb/v7e-m/fpv4-sp/hard\libc_nano.a(lib_a-impure.o)
 .ARM.attributes
                0x00000480       0x34 c:/ac6/systemworkbench/plugins/fr.ac6.mcu.externaltools.arm-none.win32_1.17.0.201812190825/tools/compiler/bin/../lib/gcc/arm-none-eabi/7.3.1/../../../../arm-none-eabi/lib/thumb/v7e-m/fpv4-sp/hard\libc_nano.a(lib_a-init.o)
 .ARM.attributes
                0x000004b4       0x34 c:/ac6/systemworkbench/plugins/fr.ac6.mcu.externaltools.arm-none.win32_1.17.0.201812190825/tools/compiler/bin/../lib/gcc/arm-none-eabi/7.3.1/../../../../arm-none-eabi/lib/thumb/v7e-m/fpv4-sp/hard\libc_nano.a(lib_a-malloc.o)
 .ARM.attributes
                0x000004e8       0x34 c:/ac6/systemworkbench/plugins/fr.ac6.mcu.externaltools.arm-none.win32_1.17.0.201812190825/tools/compiler/bin/../lib/gcc/arm-none-eabi/7.3.1/../../../../arm-none-eabi/lib/thumb/v7e-m/fpv4-sp/hard\libc_nano.a(lib_a-memset.o)
 .ARM.attributes
                0x0000051c       0x34 c:/ac6/systemworkbench/plugins/fr.ac6.mcu.externaltools.arm-none.win32_1.17.0.201812190825/tools/compiler/bin/../lib/gcc/arm-none-eabi/7.3.1/../../../../arm-none-eabi/lib/thumb/v7e-m/fpv4-sp/hard\libc_nano.a(lib_a-nano-callocr.o)
 .ARM.attributes
                0x00000550       0x34 c:/ac6/systemworkbench/plugins/fr.ac6.mcu.externaltools.arm-none.win32_1.17.0.201812190825/tools/compiler/bin/../lib/gcc/arm-none-eabi/7.3.1/../../../../arm-none-eabi/lib/thumb/v7e-m/fpv4-sp/hard\libc_nano.a(lib_a-nano-freer.o)
 .ARM.attributes
                0x00000584       0x34 c:/ac6/systemworkbench/plugins/fr.ac6.mcu.externaltools.arm-none.win32_1.17.0.201812190825/tools/compiler/bin/../lib/gcc/arm-none-eabi/7.3.1/../../../../arm-none-eabi/lib/thumb/v7e-m/fpv4-sp/hard\libc_nano.a(lib_a-nano-mallocr.o)
 .ARM.attributes
                0x000005b8       0x34 c:/ac6/systemworkbench/plugins/fr.ac6.mcu.externaltools.arm-none.win32_1.17.0.201812190825/tools/compiler/bin/../lib/gcc/arm-none-eabi/7.3.1/../../../../arm-none-eabi/lib/thumb/v7e-m/fpv4-sp/hard\libc_nano.a(lib_a-rand.o)
 .ARM.attributes
                0x000005ec       0x34 c:/ac6/systemworkbench/plugins/fr.ac6.mcu.externaltools.arm-none.win32_1.17.0.201812190825/tools/compiler/bin/../lib/gcc/arm-none-eabi/7.3.1/../../../../arm-none-eabi/lib/thumb/v7e-m/fpv4-sp/hard\libc_nano.a(lib_a-sbrkr.o)
 .ARM.attributes
                0x00000620       0x34 c:/ac6/systemworkbench/plugins/fr.ac6.mcu.externaltools.arm-none.win32_1.17.0.201812190825/tools/compiler/bin/../lib/gcc/arm-none-eabi/7.3.1/../../../../arm-none-eabi/lib/thumb/v7e-m/fpv4-sp/hard\libc_nano.a(lib_a-mlock.o)
 .ARM.attributes
                0x00000654       0x34 c:/ac6/systemworkbench/plugins/fr.ac6.mcu.externaltools.arm-none.win32_1.17.0.201812190825/tools/compiler/bin/../lib/gcc/arm-none-eabi/7.3.1/../../../../arm-none-eabi/lib/thumb/v7e-m/fpv4-sp/hard\libc_nano.a(lib_a-reent.o)
 .ARM.attributes
                0x00000688       0x34 c:/ac6/systemworkbench/plugins/fr.ac6.mcu.externaltools.arm-none.win32_1.17.0.201812190825/tools/compiler/bin/../lib/gcc/arm-none-eabi/7.3.1/../../../../arm-none-eabi/lib/thumb/v7e-m/fpv4-sp/hard\libnosys.a(sbrk.o)
 .ARM.attributes
                0x000006bc       0x22 c:/ac6/systemworkbench/plugins/fr.ac6.mcu.externaltools.arm-none.win32_1.17.0.201812190825/tools/compiler/bin/../lib/gcc/arm-none-eabi/7.3.1/thumb/v7e-m/fpv4-sp/hard/crtn.o
OUTPUT(MusicSpectrumDisplay.elf elf32-littlearm)

.debug_info     0x00000000    0x119ec
 .debug_info    0x00000000     0x11d9 Drivers/STM32F4xx_HAL_Driver/Src/stm32f4xx_hal.o
 .debug_info    0x000011d9     0x1755 Drivers/STM32F4xx_HAL_Driver/Src/stm32f4xx_hal_cortex.o
 .debug_info    0x0000292e     0x127b Drivers/STM32F4xx_HAL_Driver/Src/stm32f4xx_hal_dma.o
 .debug_info    0x00003ba9      0xf93 Drivers/STM32F4xx_HAL_Driver/Src/stm32f4xx_hal_gpio.o
 .debug_info    0x00004b3c     0x125b Drivers/STM32F4xx_HAL_Driver/Src/stm32f4xx_hal_rcc.o
 .debug_info    0x00005d97     0x2207 Drivers/STM32F4xx_HAL_Driver/Src/stm32f4xx_hal_spi.o
 .debug_info    0x00007f9e     0x1990 Src/main.o
 .debug_info    0x0000992e      0xc79 Src/msd_effect.o
 .debug_info    0x0000a5a7     0x123f Src/stm32f4xx_hal_msp.o
 .debug_info    0x0000b7e6      0xc74 Src/stm32f4xx_it.o
 .debug_info    0x0000c45a      0xd29 Src/system_stm32f4xx.o
 .debug_info    0x0000d183     0x1319 Src/ws2812b.o
 .debug_info    0x0000e49c     0x352e Src/ws2812b_fx.o
 .debug_info    0x000119ca       0x22 startup/startup_stm32f407xx.o

.debug_abbrev   0x00000000     0x259d
 .debug_abbrev  0x00000000      0x2e5 Drivers/STM32F4xx_HAL_Driver/Src/stm32f4xx_hal.o
 .debug_abbrev  0x000002e5      0x3d6 Drivers/STM32F4xx_HAL_Driver/Src/stm32f4xx_hal_cortex.o
 .debug_abbrev  0x000006bb      0x32a Drivers/STM32F4xx_HAL_Driver/Src/stm32f4xx_hal_dma.o
 .debug_abbrev  0x000009e5      0x2a7 Drivers/STM32F4xx_HAL_Driver/Src/stm32f4xx_hal_gpio.o
 .debug_abbrev  0x00000c8c      0x333 Drivers/STM32F4xx_HAL_Driver/Src/stm32f4xx_hal_rcc.o
 .debug_abbrev  0x00000fbf      0x2f2 Drivers/STM32F4xx_HAL_Driver/Src/stm32f4xx_hal_spi.o
 .debug_abbrev  0x000012b1      0x317 Src/main.o
 .debug_abbrev  0x000015c8      0x25f Src/msd_effect.o
 .debug_abbrev  0x00001827      0x254 Src/stm32f4xx_hal_msp.o
 .debug_abbrev  0x00001a7b      0x221 Src/stm32f4xx_it.o
 .debug_abbrev  0x00001c9c      0x205 Src/system_stm32f4xx.o
 .debug_abbrev  0x00001ea1      0x34c Src/ws2812b.o
 .debug_abbrev  0x000021ed      0x39e Src/ws2812b_fx.o
 .debug_abbrev  0x0000258b       0x12 startup/startup_stm32f407xx.o

.debug_loc      0x00000000     0x6193
 .debug_loc     0x00000000       0xfd Drivers/STM32F4xx_HAL_Driver/Src/stm32f4xx_hal.o
 .debug_loc     0x000000fd      0x5ce Drivers/STM32F4xx_HAL_Driver/Src/stm32f4xx_hal_cortex.o
 .debug_loc     0x000006cb      0xb4e Drivers/STM32F4xx_HAL_Driver/Src/stm32f4xx_hal_dma.o
 .debug_loc     0x00001219      0x469 Drivers/STM32F4xx_HAL_Driver/Src/stm32f4xx_hal_gpio.o
 .debug_loc     0x00001682      0x3f1 Drivers/STM32F4xx_HAL_Driver/Src/stm32f4xx_hal_rcc.o
 .debug_loc     0x00001a73     0x1937 Drivers/STM32F4xx_HAL_Driver/Src/stm32f4xx_hal_spi.o
 .debug_loc     0x000033aa       0x81 Src/msd_effect.o
 .debug_loc     0x0000342b       0x63 Src/stm32f4xx_hal_msp.o
 .debug_loc     0x0000348e      0x13e Src/system_stm32f4xx.o
 .debug_loc     0x000035cc      0x4fa Src/ws2812b.o
 .debug_loc     0x00003ac6     0x26cd Src/ws2812b_fx.o

.debug_aranges  0x00000000      0xa38
 .debug_aranges
                0x00000000       0xe0 Drivers/STM32F4xx_HAL_Driver/Src/stm32f4xx_hal.o
 .debug_aranges
                0x000000e0       0xa8 Drivers/STM32F4xx_HAL_Driver/Src/stm32f4xx_hal_cortex.o
 .debug_aranges
                0x00000188       0x90 Drivers/STM32F4xx_HAL_Driver/Src/stm32f4xx_hal_dma.o
 .debug_aranges
                0x00000218       0x58 Drivers/STM32F4xx_HAL_Driver/Src/stm32f4xx_hal_gpio.o
 .debug_aranges
                0x00000270       0x88 Drivers/STM32F4xx_HAL_Driver/Src/stm32f4xx_hal_rcc.o
 .debug_aranges
                0x000002f8      0x1c8 Drivers/STM32F4xx_HAL_Driver/Src/stm32f4xx_hal_spi.o
 .debug_aranges
                0x000004c0       0x50 Src/main.o
 .debug_aranges
                0x00000510       0x30 Src/msd_effect.o
 .debug_aranges
                0x00000540       0x30 Src/stm32f4xx_hal_msp.o
 .debug_aranges
                0x00000570       0x68 Src/stm32f4xx_it.o
 .debug_aranges
                0x000005d8       0x28 Src/system_stm32f4xx.o
 .debug_aranges
                0x00000600       0x78 Src/ws2812b.o
 .debug_aranges
                0x00000678      0x398 Src/ws2812b_fx.o
 .debug_aranges
                0x00000a10       0x28 startup/startup_stm32f407xx.o

.debug_ranges   0x00000000      0xb70
 .debug_ranges  0x00000000       0xd0 Drivers/STM32F4xx_HAL_Driver/Src/stm32f4xx_hal.o
 .debug_ranges  0x000000d0       0xf8 Drivers/STM32F4xx_HAL_Driver/Src/stm32f4xx_hal_cortex.o
 .debug_ranges  0x000001c8       0x80 Drivers/STM32F4xx_HAL_Driver/Src/stm32f4xx_hal_dma.o
 .debug_ranges  0x00000248       0x48 Drivers/STM32F4xx_HAL_Driver/Src/stm32f4xx_hal_gpio.o
 .debug_ranges  0x00000290       0x90 Drivers/STM32F4xx_HAL_Driver/Src/stm32f4xx_hal_rcc.o
 .debug_ranges  0x00000320      0x1b8 Drivers/STM32F4xx_HAL_Driver/Src/stm32f4xx_hal_spi.o
 .debug_ranges  0x000004d8       0x40 Src/main.o
 .debug_ranges  0x00000518       0x20 Src/msd_effect.o
 .debug_ranges  0x00000538       0x20 Src/stm32f4xx_hal_msp.o
 .debug_ranges  0x00000558       0x58 Src/stm32f4xx_it.o
 .debug_ranges  0x000005b0       0x18 Src/system_stm32f4xx.o
 .debug_ranges  0x000005c8       0xc8 Src/ws2812b.o
 .debug_ranges  0x00000690      0x4c0 Src/ws2812b_fx.o
 .debug_ranges  0x00000b50       0x20 startup/startup_stm32f407xx.o

.debug_macro    0x00000000    0x20e24
 .debug_macro   0x00000000      0x35e Drivers/STM32F4xx_HAL_Driver/Src/stm32f4xx_hal.o
 .debug_macro   0x0000035e      0xa60 Drivers/STM32F4xx_HAL_Driver/Src/stm32f4xx_hal.o
 .debug_macro   0x00000dbe      0x180 Drivers/STM32F4xx_HAL_Driver/Src/stm32f4xx_hal.o
 .debug_macro   0x00000f3e       0x32 Drivers/STM32F4xx_HAL_Driver/Src/stm32f4xx_hal.o
 .debug_macro   0x00000f70       0x2f Drivers/STM32F4xx_HAL_Driver/Src/stm32f4xx_hal.o
 .debug_macro   0x00000f9f       0x22 Drivers/STM32F4xx_HAL_Driver/Src/stm32f4xx_hal.o
 .debug_macro   0x00000fc1       0x8e Drivers/STM32F4xx_HAL_Driver/Src/stm32f4xx_hal.o
 .debug_macro   0x0000104f       0x51 Drivers/STM32F4xx_HAL_Driver/Src/stm32f4xx_hal.o
 .debug_macro   0x000010a0       0xef Drivers/STM32F4xx_HAL_Driver/Src/stm32f4xx_hal.o
 .debug_macro   0x0000118f       0x6a Drivers/STM32F4xx_HAL_Driver/Src/stm32f4xx_hal.o
 .debug_macro   0x000011f9      0x1df Drivers/STM32F4xx_HAL_Driver/Src/stm32f4xx_hal.o
 .debug_macro   0x000013d8       0x35 Drivers/STM32F4xx_HAL_Driver/Src/stm32f4xx_hal.o
 .debug_macro   0x0000140d       0x50 Drivers/STM32F4xx_HAL_Driver/Src/stm32f4xx_hal.o
 .debug_macro   0x0000145d      0xe66 Drivers/STM32F4xx_HAL_Driver/Src/stm32f4xx_hal.o
 .debug_macro   0x000022c3    0x15d08 Drivers/STM32F4xx_HAL_Driver/Src/stm32f4xx_hal.o
 .debug_macro   0x00017fcb       0x43 Drivers/STM32F4xx_HAL_Driver/Src/stm32f4xx_hal.o
 .debug_macro   0x0001800e     0x3535 Drivers/STM32F4xx_HAL_Driver/Src/stm32f4xx_hal.o
 .debug_macro   0x0001b543       0x5e Drivers/STM32F4xx_HAL_Driver/Src/stm32f4xx_hal.o
 .debug_macro   0x0001b5a1       0x18 Drivers/STM32F4xx_HAL_Driver/Src/stm32f4xx_hal.o
 .debug_macro   0x0001b5b9       0x35 Drivers/STM32F4xx_HAL_Driver/Src/stm32f4xx_hal.o
 .debug_macro   0x0001b5ee       0x34 Drivers/STM32F4xx_HAL_Driver/Src/stm32f4xx_hal.o
 .debug_macro   0x0001b622       0x16 Drivers/STM32F4xx_HAL_Driver/Src/stm32f4xx_hal.o
 .debug_macro   0x0001b638       0x97 Drivers/STM32F4xx_HAL_Driver/Src/stm32f4xx_hal.o
 .debug_macro   0x0001b6cf      0x330 Drivers/STM32F4xx_HAL_Driver/Src/stm32f4xx_hal.o
 .debug_macro   0x0001b9ff       0xfd Drivers/STM32F4xx_HAL_Driver/Src/stm32f4xx_hal.o
 .debug_macro   0x0001bafc       0x10 Drivers/STM32F4xx_HAL_Driver/Src/stm32f4xx_hal.o
 .debug_macro   0x0001bb0c       0x58 Drivers/STM32F4xx_HAL_Driver/Src/stm32f4xx_hal.o
 .debug_macro   0x0001bb64       0x1f Drivers/STM32F4xx_HAL_Driver/Src/stm32f4xx_hal.o
 .debug_macro   0x0001bb83       0x43 Drivers/STM32F4xx_HAL_Driver/Src/stm32f4xx_hal.o
 .debug_macro   0x0001bbc6       0x20 Drivers/STM32F4xx_HAL_Driver/Src/stm32f4xx_hal.o
 .debug_macro   0x0001bbe6      0x18e Drivers/STM32F4xx_HAL_Driver/Src/stm32f4xx_hal.o
 .debug_macro   0x0001bd74       0x10 Drivers/STM32F4xx_HAL_Driver/Src/stm32f4xx_hal.o
 .debug_macro   0x0001bd84       0x1c Drivers/STM32F4xx_HAL_Driver/Src/stm32f4xx_hal.o
 .debug_macro   0x0001bda0       0x52 Drivers/STM32F4xx_HAL_Driver/Src/stm32f4xx_hal.o
 .debug_macro   0x0001bdf2       0x40 Drivers/STM32F4xx_HAL_Driver/Src/stm32f4xx_hal.o
 .debug_macro   0x0001be32       0x10 Drivers/STM32F4xx_HAL_Driver/Src/stm32f4xx_hal.o
 .debug_macro   0x0001be42       0x40 Drivers/STM32F4xx_HAL_Driver/Src/stm32f4xx_hal.o
 .debug_macro   0x0001be82       0xd7 Drivers/STM32F4xx_HAL_Driver/Src/stm32f4xx_hal.o
 .debug_macro   0x0001bf59       0x1c Drivers/STM32F4xx_HAL_Driver/Src/stm32f4xx_hal.o
 .debug_macro   0x0001bf75       0x3d Drivers/STM32F4xx_HAL_Driver/Src/stm32f4xx_hal.o
 .debug_macro   0x0001bfb2       0x16 Drivers/STM32F4xx_HAL_Driver/Src/stm32f4xx_hal.o
 .debug_macro   0x0001bfc8      0x16f Drivers/STM32F4xx_HAL_Driver/Src/stm32f4xx_hal.o
 .debug_macro   0x0001c137       0x50 Drivers/STM32F4xx_HAL_Driver/Src/stm32f4xx_hal.o
 .debug_macro   0x0001c187      0x96b Drivers/STM32F4xx_HAL_Driver/Src/stm32f4xx_hal.o
 .debug_macro   0x0001caf2      0xa02 Drivers/STM32F4xx_HAL_Driver/Src/stm32f4xx_hal.o
 .debug_macro   0x0001d4f4      0x11e Drivers/STM32F4xx_HAL_Driver/Src/stm32f4xx_hal.o
 .debug_macro   0x0001d612      0x13e Drivers/STM32F4xx_HAL_Driver/Src/stm32f4xx_hal.o
 .debug_macro   0x0001d750       0x27 Drivers/STM32F4xx_HAL_Driver/Src/stm32f4xx_hal.o
 .debug_macro   0x0001d777      0x287 Drivers/STM32F4xx_HAL_Driver/Src/stm32f4xx_hal.o
 .debug_macro   0x0001d9fe       0x5f Drivers/STM32F4xx_HAL_Driver/Src/stm32f4xx_hal.o
 .debug_macro   0x0001da5d      0x23a Drivers/STM32F4xx_HAL_Driver/Src/stm32f4xx_hal.o
 .debug_macro   0x0001dc97      0x133 Drivers/STM32F4xx_HAL_Driver/Src/stm32f4xx_hal.o
 .debug_macro   0x0001ddca      0x21e Drivers/STM32F4xx_HAL_Driver/Src/stm32f4xx_hal.o
 .debug_macro   0x0001dfe8       0x2e Drivers/STM32F4xx_HAL_Driver/Src/stm32f4xx_hal.o
 .debug_macro   0x0001e016      0x11e Drivers/STM32F4xx_HAL_Driver/Src/stm32f4xx_hal.o
 .debug_macro   0x0001e134       0x7f Drivers/STM32F4xx_HAL_Driver/Src/stm32f4xx_hal.o
 .debug_macro   0x0001e1b3       0x89 Drivers/STM32F4xx_HAL_Driver/Src/stm32f4xx_hal.o
 .debug_macro   0x0001e23c      0x202 Drivers/STM32F4xx_HAL_Driver/Src/stm32f4xx_hal.o
 .debug_macro   0x0001e43e      0x134 Drivers/STM32F4xx_HAL_Driver/Src/stm32f4xx_hal.o
 .debug_macro   0x0001e572      0x2fe Drivers/STM32F4xx_HAL_Driver/Src/stm32f4xx_hal_cortex.o
 .debug_macro   0x0001e870      0x305 Drivers/STM32F4xx_HAL_Driver/Src/stm32f4xx_hal_dma.o
 .debug_macro   0x0001eb75      0x336 Drivers/STM32F4xx_HAL_Driver/Src/stm32f4xx_hal_gpio.o
 .debug_macro   0x0001eeab      0x322 Drivers/STM32F4xx_HAL_Driver/Src/stm32f4xx_hal_rcc.o
 .debug_macro   0x0001f1cd      0x306 Drivers/STM32F4xx_HAL_Driver/Src/stm32f4xx_hal_spi.o
 .debug_macro   0x0001f4d3      0x358 Src/main.o
 .debug_macro   0x0001f82b       0x16 Src/main.o
 .debug_macro   0x0001f841       0x35 Src/main.o
 .debug_macro   0x0001f876       0x16 Src/main.o
 .debug_macro   0x0001f88c       0x29 Src/main.o
 .debug_macro   0x0001f8b5       0x10 Src/main.o
 .debug_macro   0x0001f8c5       0x7c Src/main.o
 .debug_macro   0x0001f941      0x34e Src/msd_effect.o
 .debug_macro   0x0001fc8f      0x308 Src/stm32f4xx_hal_msp.o
 .debug_macro   0x0001ff97      0x312 Src/stm32f4xx_it.o
 .debug_macro   0x000202a9      0x304 Src/system_stm32f4xx.o
 .debug_macro   0x000205ad      0x330 Src/ws2812b.o
 .debug_macro   0x000208dd      0x1e1 Src/ws2812b.o
 .debug_macro   0x00020abe      0x366 Src/ws2812b_fx.o

.debug_line     0x00000000     0x8a73
 .debug_line    0x00000000      0x967 Drivers/STM32F4xx_HAL_Driver/Src/stm32f4xx_hal.o
 .debug_line    0x00000967      0x9c2 Drivers/STM32F4xx_HAL_Driver/Src/stm32f4xx_hal_cortex.o
 .debug_line    0x00001329      0xaad Drivers/STM32F4xx_HAL_Driver/Src/stm32f4xx_hal_dma.o
 .debug_line    0x00001dd6      0x90a Drivers/STM32F4xx_HAL_Driver/Src/stm32f4xx_hal_gpio.o
 .debug_line    0x000026e0      0x9fe Drivers/STM32F4xx_HAL_Driver/Src/stm32f4xx_hal_rcc.o
 .debug_line    0x000030de     0x117a Drivers/STM32F4xx_HAL_Driver/Src/stm32f4xx_hal_spi.o
 .debug_line    0x00004258      0x886 Src/main.o
 .debug_line    0x00004ade      0x7ec Src/msd_effect.o
 .debug_line    0x000052ca      0x7cb Src/stm32f4xx_hal_msp.o
 .debug_line    0x00005a95      0x829 Src/stm32f4xx_it.o
 .debug_line    0x000062be      0x7ae Src/system_stm32f4xx.o
 .debug_line    0x00006a6c      0x952 Src/ws2812b.o
 .debug_line    0x000073be     0x1636 Src/ws2812b_fx.o
 .debug_line    0x000089f4       0x7f startup/startup_stm32f407xx.o

.debug_str      0x00000000    0xbdcb6
 .debug_str     0x00000000    0xba80a Drivers/STM32F4xx_HAL_Driver/Src/stm32f4xx_hal.o
                              0xbabe5 (size before relaxing)
 .debug_str     0x000ba80a      0x3a7 Drivers/STM32F4xx_HAL_Driver/Src/stm32f4xx_hal_cortex.o
                              0xba927 (size before relaxing)
 .debug_str     0x000babb1      0x53e Drivers/STM32F4xx_HAL_Driver/Src/stm32f4xx_hal_dma.o
                              0xba49c (size before relaxing)
 .debug_str     0x000bb0ef      0x28c Drivers/STM32F4xx_HAL_Driver/Src/stm32f4xx_hal_gpio.o
                              0xba2ba (size before relaxing)
 .debug_str     0x000bb37b      0x384 Drivers/STM32F4xx_HAL_Driver/Src/stm32f4xx_hal_rcc.o
                              0xba484 (size before relaxing)
 .debug_str     0x000bb6ff      0x6c8 Drivers/STM32F4xx_HAL_Driver/Src/stm32f4xx_hal_spi.o
                              0xba8a0 (size before relaxing)
 .debug_str     0x000bbdc7      0x8e6 Src/main.o
                              0xbb384 (size before relaxing)
 .debug_str     0x000bc6ad       0x67 Src/msd_effect.o
                              0xba734 (size before relaxing)
 .debug_str     0x000bc714       0x1b Src/stm32f4xx_hal_msp.o
                              0xba521 (size before relaxing)
 .debug_str     0x000bc72f       0xd0 Src/stm32f4xx_it.o
                              0xba20d (size before relaxing)
 .debug_str     0x000bc7ff       0x5a Src/system_stm32f4xx.o
                              0xba076 (size before relaxing)
 .debug_str     0x000bc859      0x9e7 Src/ws2812b.o
                              0xbade6 (size before relaxing)
 .debug_str     0x000bd240      0xa47 Src/ws2812b_fx.o
                              0xbb31e (size before relaxing)
 .debug_str     0x000bdc87       0x2f startup/startup_stm32f407xx.o
                                 0x5e (size before relaxing)

.comment        0x00000000       0x7f
 .comment       0x00000000       0x7f Drivers/STM32F4xx_HAL_Driver/Src/stm32f4xx_hal.o
                                 0x80 (size before relaxing)
 .comment       0x0000007f       0x80 Drivers/STM32F4xx_HAL_Driver/Src/stm32f4xx_hal_cortex.o
 .comment       0x0000007f       0x80 Drivers/STM32F4xx_HAL_Driver/Src/stm32f4xx_hal_dma.o
 .comment       0x0000007f       0x80 Drivers/STM32F4xx_HAL_Driver/Src/stm32f4xx_hal_gpio.o
 .comment       0x0000007f       0x80 Drivers/STM32F4xx_HAL_Driver/Src/stm32f4xx_hal_rcc.o
 .comment       0x0000007f       0x80 Drivers/STM32F4xx_HAL_Driver/Src/stm32f4xx_hal_spi.o
 .comment       0x0000007f       0x80 Src/main.o
 .comment       0x0000007f       0x80 Src/msd_effect.o
 .comment       0x0000007f       0x80 Src/stm32f4xx_hal_msp.o
 .comment       0x0000007f       0x80 Src/stm32f4xx_it.o
 .comment       0x0000007f       0x80 Src/system_stm32f4xx.o
 .comment       0x0000007f       0x80 Src/ws2812b.o
 .comment       0x0000007f       0x80 Src/ws2812b_fx.o

.debug_frame    0x00000000     0x1fc0
 .debug_frame   0x00000000      0x1cc Drivers/STM32F4xx_HAL_Driver/Src/stm32f4xx_hal.o
 .debug_frame   0x000001cc      0x15c Drivers/STM32F4xx_HAL_Driver/Src/stm32f4xx_hal_cortex.o
 .debug_frame   0x00000328      0x188 Drivers/STM32F4xx_HAL_Driver/Src/stm32f4xx_hal_dma.o
 .debug_frame   0x000004b0       0xd8 Drivers/STM32F4xx_HAL_Driver/Src/stm32f4xx_hal_gpio.o
 .debug_frame   0x00000588      0x184 Drivers/STM32F4xx_HAL_Driver/Src/stm32f4xx_hal_rcc.o
 .debug_frame   0x0000070c      0x55c Drivers/STM32F4xx_HAL_Driver/Src/stm32f4xx_hal_spi.o
 .debug_frame   0x00000c68       0xbc Src/main.o
 .debug_frame   0x00000d24       0x5c Src/msd_effect.o
 .debug_frame   0x00000d80       0x64 Src/stm32f4xx_hal_msp.o
 .debug_frame   0x00000de4       0xc0 Src/stm32f4xx_it.o
 .debug_frame   0x00000ea4       0x30 Src/system_stm32f4xx.o
 .debug_frame   0x00000ed4      0x138 Src/ws2812b.o
 .debug_frame   0x0000100c      0xb98 Src/ws2812b_fx.o
 .debug_frame   0x00001ba4       0xac c:/ac6/systemworkbench/plugins/fr.ac6.mcu.externaltools.arm-none.win32_1.17.0.201812190825/tools/compiler/bin/../lib/gcc/arm-none-eabi/7.3.1/thumb/v7e-m/fpv4-sp/hard\libgcc.a(_arm_addsubdf3.o)
 .debug_frame   0x00001c50       0xc4 c:/ac6/systemworkbench/plugins/fr.ac6.mcu.externaltools.arm-none.win32_1.17.0.201812190825/tools/compiler/bin/../lib/gcc/arm-none-eabi/7.3.1/thumb/v7e-m/fpv4-sp/hard\libgcc.a(_arm_cmpdf2.o)
 .debug_frame   0x00001d14       0x2c c:/ac6/systemworkbench/plugins/fr.ac6.mcu.externaltools.arm-none.win32_1.17.0.201812190825/tools/compiler/bin/../lib/gcc/arm-none-eabi/7.3.1/thumb/v7e-m/fpv4-sp/hard\libgcc.a(_aeabi_uldivmod.o)
 .debug_frame   0x00001d40       0x34 c:/ac6/systemworkbench/plugins/fr.ac6.mcu.externaltools.arm-none.win32_1.17.0.201812190825/tools/compiler/bin/../lib/gcc/arm-none-eabi/7.3.1/thumb/v7e-m/fpv4-sp/hard\libgcc.a(_udivmoddi4.o)
 .debug_frame   0x00001d74       0x20 c:/ac6/systemworkbench/plugins/fr.ac6.mcu.externaltools.arm-none.win32_1.17.0.201812190825/tools/compiler/bin/../lib/gcc/arm-none-eabi/7.3.1/../../../../arm-none-eabi/lib/thumb/v7e-m/fpv4-sp/hard\libc_nano.a(lib_a-calloc.o)
 .debug_frame   0x00001d94       0x2c c:/ac6/systemworkbench/plugins/fr.ac6.mcu.externaltools.arm-none.win32_1.17.0.201812190825/tools/compiler/bin/../lib/gcc/arm-none-eabi/7.3.1/../../../../arm-none-eabi/lib/thumb/v7e-m/fpv4-sp/hard\libc_nano.a(lib_a-init.o)
 .debug_frame   0x00001dc0       0x30 c:/ac6/systemworkbench/plugins/fr.ac6.mcu.externaltools.arm-none.win32_1.17.0.201812190825/tools/compiler/bin/../lib/gcc/arm-none-eabi/7.3.1/../../../../arm-none-eabi/lib/thumb/v7e-m/fpv4-sp/hard\libc_nano.a(lib_a-malloc.o)
 .debug_frame   0x00001df0       0x20 c:/ac6/systemworkbench/plugins/fr.ac6.mcu.externaltools.arm-none.win32_1.17.0.201812190825/tools/compiler/bin/../lib/gcc/arm-none-eabi/7.3.1/../../../../arm-none-eabi/lib/thumb/v7e-m/fpv4-sp/hard\libc_nano.a(lib_a-memset.o)
 .debug_frame   0x00001e10       0x2c c:/ac6/systemworkbench/plugins/fr.ac6.mcu.externaltools.arm-none.win32_1.17.0.201812190825/tools/compiler/bin/../lib/gcc/arm-none-eabi/7.3.1/../../../../arm-none-eabi/lib/thumb/v7e-m/fpv4-sp/hard\libc_nano.a(lib_a-nano-callocr.o)
 .debug_frame   0x00001e3c       0x38 c:/ac6/systemworkbench/plugins/fr.ac6.mcu.externaltools.arm-none.win32_1.17.0.201812190825/tools/compiler/bin/../lib/gcc/arm-none-eabi/7.3.1/../../../../arm-none-eabi/lib/thumb/v7e-m/fpv4-sp/hard\libc_nano.a(lib_a-nano-freer.o)
 .debug_frame   0x00001e74       0x2c c:/ac6/systemworkbench/plugins/fr.ac6.mcu.externaltools.arm-none.win32_1.17.0.201812190825/tools/compiler/bin/../lib/gcc/arm-none-eabi/7.3.1/../../../../arm-none-eabi/lib/thumb/v7e-m/fpv4-sp/hard\libc_nano.a(lib_a-nano-mallocr.o)
 .debug_frame   0x00001ea0       0x48 c:/ac6/systemworkbench/plugins/fr.ac6.mcu.externaltools.arm-none.win32_1.17.0.201812190825/tools/compiler/bin/../lib/gcc/arm-none-eabi/7.3.1/../../../../arm-none-eabi/lib/thumb/v7e-m/fpv4-sp/hard\libc_nano.a(lib_a-rand.o)
 .debug_frame   0x00001ee8       0x2c c:/ac6/systemworkbench/plugins/fr.ac6.mcu.externaltools.arm-none.win32_1.17.0.201812190825/tools/compiler/bin/../lib/gcc/arm-none-eabi/7.3.1/../../../../arm-none-eabi/lib/thumb/v7e-m/fpv4-sp/hard\libc_nano.a(lib_a-sbrkr.o)
 .debug_frame   0x00001f14       0x30 c:/ac6/systemworkbench/plugins/fr.ac6.mcu.externaltools.arm-none.win32_1.17.0.201812190825/tools/compiler/bin/../lib/gcc/arm-none-eabi/7.3.1/../../../../arm-none-eabi/lib/thumb/v7e-m/fpv4-sp/hard\libc_nano.a(lib_a-mlock.o)
 .debug_frame   0x00001f44       0x5c c:/ac6/systemworkbench/plugins/fr.ac6.mcu.externaltools.arm-none.win32_1.17.0.201812190825/tools/compiler/bin/../lib/gcc/arm-none-eabi/7.3.1/../../../../arm-none-eabi/lib/thumb/v7e-m/fpv4-sp/hard\libc_nano.a(lib_a-reent.o)
 .debug_frame   0x00001fa0       0x20 c:/ac6/systemworkbench/plugins/fr.ac6.mcu.externaltools.arm-none.win32_1.17.0.201812190825/tools/compiler/bin/../lib/gcc/arm-none-eabi/7.3.1/../../../../arm-none-eabi/lib/thumb/v7e-m/fpv4-sp/hard\libnosys.a(sbrk.o)
